make[1]: Entering directory '/workspaces/pk/out'
  GEN     ./Makefile
scripts/kconfig/conf  --syncconfig Kconfig
*
* Restart config...
*
*
* General architecture-dependent options
*
Kprobes (KPROBES) [N/y/?] n
Optimize very unlikely/likely branches (JUMP_LABEL) [N/y/?] n
Stack Protector buffer overflow detection (STACKPROTECTOR) [Y/n/?] y
  Strong Stack Protector (STACKPROTECTOR_STRONG) [Y/n/?] y
Link-Time Optimization (LTO) (EXPERIMENTAL)
> 1. None (LTO_NONE)
  2. Use clang Link Time Optimization (LTO) (EXPERIMENTAL) (LTO_CLANG) (NEW)
choice[1-2?]: 
Clang Shadow Call Stack (SHADOW_CALL_STACK) [N/y/?] (NEW) 
Number of bits to use for ASLR of mmap base address (ARCH_MMAP_RND_BITS) [18] 18
Number of bits to use for ASLR of mmap base address for compatible applications (ARCH_MMAP_RND_COMPAT_BITS) [11] 11
Use a virtually-mapped stack (VMAP_STACK) [Y/n/?] y
Perform full reference count validation at the expense of speed (REFCOUNT_FULL) [Y/?] y
Kernel panic on refcount error detection (PANIC_ON_REFCOUNT_ERROR) [Y/n/?] y
Use RELR relocation packing (RELR) [Y/n/?] (NEW) 
*
* Memory initialization
*
Initialize kernel stack variables at function entry
> 1. no automatic stack variable initialization (weakest) (INIT_STACK_NONE)
  2. pattern-init everything (strongest) (INIT_STACK_ALL_PATTERN) (NEW)
  3. zero-init everything (strongest and safest) (INIT_STACK_ALL_ZERO) (NEW)
choice[1-3?]: 
Enable heap memory zeroing on allocation by default (INIT_ON_ALLOC_DEFAULT_ON) [N/y/?] n
Enable heap memory zeroing on free by default (INIT_ON_FREE_DEFAULT_ON) [N/y/?] n
  UPD     include/config/kernel.release
  GEN     ./Makefile
  WRAP    arch/arm64/include/generated/uapi/asm/errno.h
  WRAP    arch/arm64/include/generated/uapi/asm/ioctl.h
  WRAP    arch/arm64/include/generated/uapi/asm/ioctls.h
  WRAP    arch/arm64/include/generated/uapi/asm/ipcbuf.h
  WRAP    arch/arm64/include/generated/uapi/asm/kvm_para.h
  WRAP    arch/arm64/include/generated/uapi/asm/mman.h
  WRAP    arch/arm64/include/generated/uapi/asm/msgbuf.h
  WRAP    arch/arm64/include/generated/uapi/asm/poll.h
  WRAP    arch/arm64/include/generated/uapi/asm/resource.h
  WRAP    arch/arm64/include/generated/uapi/asm/sembuf.h
  WRAP    arch/arm64/include/generated/uapi/asm/shmbuf.h
  WRAP    arch/arm64/include/generated/uapi/asm/socket.h
  WRAP    arch/arm64/include/generated/uapi/asm/sockios.h
  WRAP    arch/arm64/include/generated/uapi/asm/swab.h
  WRAP    arch/arm64/include/generated/uapi/asm/termbits.h
  WRAP    arch/arm64/include/generated/uapi/asm/termios.h
  WRAP    arch/arm64/include/generated/uapi/asm/types.h
  UPD     include/generated/uapi/linux/version.h
  UPD     include/generated/utsrelease.h
-- KernelSU-Next version: 12430
-- KernelSU-Next Manager signature size: 0x3e6
-- KernelSU-Next Manager signature hash: 79e590113c4c4c0c222978e413a5faa801666957b1212a328e46c00c69821bf7
-- KSU_NEXT: Neither atomic_inc_not_zero nor atomic_long_inc_not_zero found in kernel/cred.c
-- KSU_NEXT: Using  in get_cred_rcu patch.

-- SUSFS_VERSION: v1.5.5
  Using .. as source for kernel
  WRAP    arch/arm64/include/generated/asm/bugs.h
  WRAP    arch/arm64/include/generated/asm/delay.h
  WRAP    arch/arm64/include/generated/asm/div64.h
  WRAP    arch/arm64/include/generated/asm/dma.h
  WRAP    arch/arm64/include/generated/asm/dma-contiguous.h
  WRAP    arch/arm64/include/generated/asm/early_ioremap.h
  WRAP    arch/arm64/include/generated/asm/emergency-restart.h
  WRAP    arch/arm64/include/generated/asm/hw_irq.h
  WRAP    arch/arm64/include/generated/asm/irq_regs.h
  WRAP    arch/arm64/include/generated/asm/kdebug.h
  WRAP    arch/arm64/include/generated/asm/kmap_types.h
  WRAP    arch/arm64/include/generated/asm/local.h
  WRAP    arch/arm64/include/generated/asm/local64.h
  WRAP    arch/arm64/include/generated/asm/mcs_spinlock.h
  WRAP    arch/arm64/include/generated/asm/mm-arch-hooks.h
  WRAP    arch/arm64/include/generated/asm/msi.h
  WRAP    arch/arm64/include/generated/asm/preempt.h
  WRAP    arch/arm64/include/generated/asm/qrwlock.h
  WRAP    arch/arm64/include/generated/asm/qspinlock.h
  WRAP    arch/arm64/include/generated/asm/rwsem.h
  WRAP    arch/arm64/include/generated/asm/segment.h
  WRAP    arch/arm64/include/generated/asm/serial.h
  WRAP    arch/arm64/include/generated/asm/set_memory.h
  WRAP    arch/arm64/include/generated/asm/sizes.h
  WRAP    arch/arm64/include/generated/asm/switch_to.h
  WRAP    arch/arm64/include/generated/asm/trace_clock.h
  WRAP    arch/arm64/include/generated/asm/unaligned.h
  WRAP    arch/arm64/include/generated/asm/user.h
  WRAP    arch/arm64/include/generated/asm/vga.h
  WRAP    arch/arm64/include/generated/asm/xor.h
  HOSTCC  scripts/dtc/dtc.o
  HOSTCC  scripts/genksyms/genksyms.o
  HOSTCC  scripts/dtc/flattree.o
  YACC    scripts/genksyms/parse.tab.c
  CC      scripts/mod/empty.o
  LEX     scripts/genksyms/lex.lex.c
  YACC    scripts/genksyms/parse.tab.h
  HOSTCC  scripts/mod/mk_elfconfig
  CC      scripts/mod/devicetable-offsets.s
  HOSTCC  scripts/genksyms/parse.tab.o
  MKELF   scripts/mod/elfconfig.h
  HOSTCC  scripts/mod/modpost.o
  HOSTCC  scripts/dtc/fstree.o
  HOSTCC  scripts/dtc/data.o
  HOSTCC  scripts/genksyms/lex.lex.o
  HOSTCC  scripts/dtc/livetree.o
  HOSTCC  scripts/dtc/treesource.o
  HOSTLD  scripts/genksyms/genksyms
  UPD     scripts/mod/devicetable-offsets.h
  HOSTCC  scripts/mod/sumversion.o
  HOSTCC  scripts/dtc/srcpos.o
  HOSTCC  scripts/dtc/checks.o
  HOSTCC  scripts/selinux/genheaders/genheaders
  HOSTCC  scripts/mod/file2alias.o
  HOSTCC  scripts/selinux/mdp/mdp
  HOSTCC  scripts/bin2c
  HOSTCC  scripts/kallsyms
  HOSTCC  scripts/dtc/util.o
  HOSTLD  scripts/mod/modpost
  HOSTCC  scripts/conmakehash
  LEX     scripts/dtc/dtc-lexer.lex.c
  HOSTCC  scripts/sortextable
  YACC    scripts/dtc/dtc-parser.tab.h
  YACC    scripts/dtc/dtc-parser.tab.c
  HOSTCC  scripts/asn1_compiler
  HOSTCC  scripts/dtc/dtc-lexer.lex.o
  HOSTCC  scripts/sign-file
  HOSTCC  scripts/dtc/dtc-parser.tab.o
  HOSTCC  scripts/extract-cert
  CC      kernel/bounds.s
  UPD     include/generated/timeconst.h
  UPD     include/generated/bounds.h
  CC      arch/arm64/kernel/asm-offsets.s
  HOSTLD  scripts/dtc/dtc
  UPD     include/generated/asm-offsets.h
  CALL    ../scripts/checksyscalls.sh
  LDS     arch/arm64/kernel/vdso/vdso.lds
  CC      arch/arm64/kernel/vdso/vgettimeofday.o
  AS      arch/arm64/kernel/vdso/note.o
  AS      arch/arm64/kernel/vdso/sigreturn.o
  LD      arch/arm64/kernel/vdso/vdso.so.dbg
  VDSOSYM include/generated/vdso-offsets.h
  LDS     arch/arm64/kernel/vdso32/vdso.lds
  CC32    arch/arm64/kernel/vdso32/note.o
  CC32    arch/arm64/kernel/vdso32/vgettimeofday.o
  AS32    arch/arm64/kernel/vdso32/sigreturn.o
  HOSTCC  arch/arm64/kernel/vdso32/../../../arm/vdso/vdsomunge
  LD32    arch/arm64/kernel/vdso32/vdso.so.raw
  MUNGE   arch/arm64/kernel/vdso32/vdso.so.dbg
  VDSOSYM include/generated/vdso32-offsets.h
  CHK     include/generated/compile.h
  CC      init/main.o
  CC      init/do_mounts.o
  UPD     include/generated/compile.h
  HOSTCC  usr/gen_init_cpio
  CC      arch/arm64/kernel/probes/uprobes.o
  GEN     usr/initramfs_data.cpio
  AS      usr/initramfs_data.o
  AR      usr/built-in.a
  OBJCOPY arch/arm64/kernel/vdso/vdso.so
  AS      arch/arm64/kernel/vdso/vdso.o
  AR      arch/arm64/kernel/vdso/built-in.a
  CC      arch/arm64/mm/dma-mapping.o
  CC      arch/arm64/kernel/probes/decode-insn.o
  CC      arch/arm64/kernel/probes/simulate-insn.o
  CC      init/do_mounts_rd.o
  CC      arch/arm64/mm/extable.o
  CC      arch/arm64/mm/fault.o
  AR      arch/arm64/kernel/probes/built-in.a
  OBJCOPY arch/arm64/kernel/vdso32/vdso.so
  AS      arch/arm64/kernel/vdso32/vdso.o
  AR      arch/arm64/kernel/vdso32/built-in.a
  CC      arch/arm64/kernel/debug-monitors.o
  CC      arch/arm64/net/bpf_jit_comp.o
  CC      init/do_mounts_initrd.o
  CC      arch/arm64/mm/init.o
  AS      arch/arm64/kernel/entry.o
  CC      arch/arm64/kernel/irq.o
  CC      init/do_mounts_dm.o
  AR      arch/arm64/net/built-in.a
  CC      arch/arm64/crypto/sha1-ce-glue.o
  CC      arch/arm64/kernel/fpsimd.o
  AS      arch/arm64/mm/cache.o
  CC      arch/arm64/mm/copypage.o
  CC      init/noinitramfs.o
  AS      arch/arm64/crypto/sha1-ce-core.o
  CC      arch/arm64/crypto/sha2-ce-glue.o
  CC      arch/arm64/mm/flush.o
  CC      init/initramfs.o
  AS      arch/arm64/kernel/entry-fpsimd.o
  CC      arch/arm64/kernel/process.o
  AS      arch/arm64/crypto/sha2-ce-core.o
  CC      arch/arm64/crypto/ghash-ce-glue.o
  CC      arch/arm64/mm/ioremap.o
  CC      init/calibrate.o
  CC      init/init_task.o
  AS      arch/arm64/crypto/ghash-ce-core.o
  AS      arch/arm64/crypto/aes-ce-core.o
  CC      arch/arm64/crypto/aes-ce-glue.o
  CC      arch/arm64/kernel/ptrace.o
  CC      arch/arm64/mm/mmap.o
  CC      arch/arm64/crypto/aes-ce-ccm-glue.o
  CC      init/version.o
  CC      arch/arm64/mm/pgd.o
  AR      init/built-in.a
  CC      kernel/bpf/core.o
  AS      arch/arm64/crypto/aes-ce-ccm-core.o
  CC      arch/arm64/crypto/aes-glue-ce.o
  CC      arch/arm64/mm/mmu.o
  CC      arch/arm64/kernel/setup.o
  AS      arch/arm64/crypto/aes-ce.o
  CC      arch/arm64/crypto/aes-glue-neon.o
  CC      arch/arm64/kernel/signal.o
  CC      arch/arm64/mm/context.o
  CC      kernel/bpf/syscall.o
  AS      arch/arm64/mm/proc.o
  CC      arch/arm64/mm/pageattr.o
  AS      arch/arm64/crypto/aes-neon.o
  CC      arch/arm64/crypto/sha256-glue.o
  CC      arch/arm64/kernel/sys.o
  AR      arch/arm64/mm/built-in.a
Generating X.509 key generation config
  CC      certs/system_keyring.o
  SHIPPED arch/arm64/crypto/sha256-core.S
  AS      arch/arm64/crypto/chacha-neon-core.o
  CC      arch/arm64/crypto/chacha-neon-glue.o
  CC      kernel/bpf/verifier.o
  EXTRACT_CERTS   
###
### Now generating an X.509 key pair to be used for signing modules.
###
### If this takes a long time, you might wish to run rngd in the
### background to keep the supply of entropy topped up.  It
### needs to be run as root, and uses a hardware random
### number generator if one is available.
###
....+.+......+......+...+.....+++++++++++++++++++++++++++++++++++++++++++++++++++++++++++++++++*...+.....+...+.......+.....+.+......+.........+..+...+.......+.....+.........+...............+......+....+...+..+...+.+.....+.+........+...+++++++++++++++++++++++++++++++++++++++++++++++++++++++++++++++++*..................+  CC      arch/arm64/kernel/stacktrace.o
.....+...+.......+..+...............+...+....+...........+...+.+.......................+..........+...+..+.......+.....+....+...........+....+..+.......+...........+...............+....+..+...+.+......+.....+.+........+.+..............+.+...........+.......+...+...+...............+..+...+..........+.....................+.........+..+....+...+...+.........+....................+............................+...+............+..+....+.....+............+.......+...+..+................+.....+..........+......+.....+....+............+..+...+...+..........+......+.....+......+.........+...+..................+...+....+......+..+.......+...........+...  SHIPPED arch/arm64/crypto/poly1305-core.S
....+  CC      arch/arm64/crypto/poly1305-glue.o
...............+..............+...+...+...+.......+...............+...+.....+....+..+......+.........+...+......+....+........+...+.+...+.................+......+..........+........+.+...+..+.............+..+.+..+.+...........+...+......+.......+............+...+..+................+..+...+......+.........+...................+...+.....+..................+.......+........+.+.....  CC      arch/arm64/kernel/time.o
...+.+.....+................+...........+..........+.....+..........+....................+...+.+...+........+.......+............+......+...+.................+....+...........+...+....+...+..+..........+..+..........+.........+...............+......+.....+.+..+.....................+......+.........+.......+.....+.......+.....+.+.....+....+...+.....+....+....................+.............+...+..............+.+...+..........................+....+.....+.+...+.................+.+..+.+.....+........................+.......+...+.......................+............+.+.....+.......+..+.+.....+.+.....+....+......+...............+...........+....+.....+....+..+...+..........+..............................+.....+....+.....+............+..........+.................................+.....+............+.........................+.........+.....+......+...+..........+...+............+......+.........+........+....+...+..................+..+......+...........  AS      arch/arm64/crypto/aes-cipher-core.o
....+.+...........+  CC      arch/arm64/crypto/aes-cipher-glue.o
............++++++++++++++++++  CC      arch/arm64/kernel/traps.o
+++++++++++++++++++++++++++++++++++++++++++++++
......+...+......+...........+...+.+......+++++++++++++++++++++++++++++++++++++++++++++++++++++++++++++++++*...+.+.....+...+.+...+...............+..+....+..+.......+..+.........+....+...+++++++++++++++++++++++++++++++++++++++++++++++++++++++++++++++++*............+....+........................+..+...+......+...................+..+.+..+..................+...+............+.............+......+......+..+...+...+.+.....+.+..............+......+.........+.........+.+...+..+.............+..+...................+..............+.+............+...+.....+.+..............+....+............+......+...+..+...+.........+............+.............+......+......+.....+...+..................+...............+...+....+......+..+.........+.............+..+....+..+......................+..+...+............+...+...+....+......+..+..........+......+.........  AS      arch/arm64/crypto/sha256-core.o
..+...+.+..+  AS      arch/arm64/crypto/poly1305-core.o
.............  AR      arch/arm64/crypto/built-in.a
.........+.....+..........+...+..+......  CC      kernel/cgroup/cgroup.o
...............+...............+....+.................+......+.........+....+.........+............+........+.......+......+...+..+.......+.....+..................+..........+..+.......++++++++++++++++++++++++++++++++++++++++++++++++++++++++++  CC      arch/arm64/kernel/io.o
+++++++
-----
###
### Key pair generated.
###
  EXTRACT_CERTS   certs/signing_key.pem
  AS      certs/system_certificates.o
  AR      certs/built-in.a
  CC      mm/filemap.o
  CC      kernel/bpf/inode.o
  CC      arch/arm64/kernel/vdso.o
  AS      arch/arm64/kernel/hyp-stub.o
  CC      arch/arm64/kernel/psci.o
  CC      kernel/bpf/helpers.o
  CC      arch/arm64/kernel/cpu_ops.o
  CC      mm/mempool.o
  CC      arch/arm64/kernel/insn.o
  CC      kernel/bpf/tnum.o
  CC      kernel/cgroup/rstat.o
  CC      kernel/bpf/hashtab.o
  CC      mm/oom_kill.o
  CC      arch/arm64/kernel/return_address.o
  CC      kernel/cgroup/namespace.o
  CC      kernel/bpf/arraymap.o
  CC      kernel/cgroup/cgroup-v1.o
  CC      arch/arm64/kernel/cpuinfo.o
  CC      mm/fadvise.o
  CC      kernel/bpf/percpu_freelist.o
  CC      kernel/bpf/bpf_lru_list.o
  CC      arch/arm64/kernel/cpu_errata.o
  CC      kernel/bpf/lpm_trie.o
  CC      kernel/cgroup/freezer.o
  CC      arch/arm64/kernel/cpufeature.o
  CC      mm/maccess.o
  CC      kernel/cgroup/legacy_freezer.o
  CC      kernel/bpf/map_in_map.o
  CC      kernel/bpf/local_storage.o
  CC      mm/page_alloc.o
  CC      kernel/cgroup/cpuset.o
  CC      arch/arm64/kernel/alternative.o
  CC      kernel/bpf/disasm.o
  CC      kernel/bpf/btf.o
  CC      arch/arm64/kernel/cacheinfo.o
  CC      arch/arm64/kernel/smp.o
  AR      kernel/cgroup/built-in.a
  CC      kernel/dma/mapping.o
  CC      kernel/bpf/devmap.o
  CC      kernel/dma/contiguous.o
  CC      arch/arm64/kernel/smp_spin_table.o
  CC      mm/page-writeback.o
  CC      kernel/bpf/cpumap.o
  CC      kernel/dma/coherent.o
  CC      arch/arm64/kernel/topology.o
  AS      arch/arm64/kernel/smccc-call.o
  CC      arch/arm64/kernel/syscall.o
  CC      kernel/dma/removed.o
  CC      kernel/bpf/offload.o
  CC      arch/arm64/kernel/sys32.o
  CC      mm/readahead.o
  CC      kernel/dma/direct.o
  CC      arch/arm64/kernel/signal32.o
  CC      kernel/bpf/stackmap.o
  CC      kernel/dma/swiotlb.o
  CC      mm/swap.o
  CC      arch/arm64/kernel/sys_compat.o
  CC      kernel/bpf/cgroup.o
  AR      kernel/dma/built-in.a
  AS      arch/arm64/kernel/kuser32.o
  CC      arch/arm64/kernel/arm64ksyms.o
  CC      kernel/events/core.o
  CC      mm/truncate.o
  CC      kernel/bpf/reuseport_array.o
  CC      arch/arm64/kernel/module.o
  CC      mm/vmscan.o
  CC      arch/arm64/kernel/module-plts.o
  AR      kernel/bpf/built-in.a
  CC      kernel/irq/irqdesc.o
  CC      arch/arm64/kernel/perf_regs.o
  CC      kernel/irq/handle.o
  CC      arch/arm64/kernel/perf_callchain.o
  CC      kernel/irq/manage.o
  CC      kernel/events/ring_buffer.o
  CC      arch/arm64/kernel/perf_event.o
  CC      mm/shmem.o
  CC      kernel/irq/spurious.o
  CC      arch/arm64/kernel/perf_trace_counters.o
  CC      kernel/events/callchain.o
  CC      kernel/irq/resend.o
  CC      kernel/irq/chip.o
  CC      kernel/events/hw_breakpoint.o
  CC      mm/util.o
  CC      arch/arm64/kernel/perf_trace_user.o
  CC      kernel/irq/dummychip.o
  CC      arch/arm64/kernel/hw_breakpoint.o
  CC      kernel/events/uprobes.o
  CC      mm/mmzone.o
  CC      kernel/irq/devres.o
  CC      mm/vmstat.o
  AS      arch/arm64/kernel/sleep.o
  CC      arch/arm64/kernel/suspend.o
  CC      kernel/irq/autoprobe.o
  CC      arch/arm64/kernel/cpuidle.o
  AR      kernel/events/built-in.a
  AR      kernel/livepatch/built-in.a
  CC      mm/backing-dev.o
  CC      kernel/irq/irqdomain.o
  CC      arch/arm64/kernel/pci.o
  CC      fs/configfs/inode.o
  CC      arch/arm64/kernel/armv8_deprecated.o
  CC      mm/mm_init.o
  CC      fs/configfs/file.o
  CC      kernel/irq/proc.o
  CC      fs/configfs/dir.o
  CC      kernel/irq/cpuhotplug.o
  CC      mm/mmu_context.o
  CC      arch/arm64/kernel/kaslr.o
  CC      kernel/irq/pm.o
  CC      arch/arm64/kernel/ssbd.o
  CC      mm/percpu.o
  CC      fs/configfs/symlink.o
  AS      arch/arm64/kernel/head.o
  LDS     arch/arm64/kernel/vmlinux.lds
  AR      arch/arm64/kernel/built-in.a
  AR      ipc/built-in.a
  CC      fs/crypto/crypto.o
  CC      fs/configfs/mount.o
  CC      kernel/irq/msi.o
  CC      fs/configfs/item.o
  CC      fs/crypto/fname.o
  CC      kernel/irq/affinity.o
  CC      mm/slab_common.o
  AR      fs/configfs/built-in.a
  CC      kernel/locking/mutex.o
  AR      kernel/irq/built-in.a
  CC      fs/crypto/hkdf.o
